{
    "when": {
        "then": {
            "dependencies": [
                "base == 4.*",
                "yaml"
            ]
        },
        "else": {
            "dependencies": [
                "base == 4.*",
                "yaml-pretty-extras"
            ]
        },
        "condition": "impl(ghc < 8.2.2)"
    },
    "name": "when-dependencies"
}